<html>
<body>
<pre>
<h1>µVision Build Log</h1>
<h2>Tool Versions:</h2>
IDE-Version: µVision V5.25.2.0
Copyright (C) 2018 ARM Ltd and ARM Germany GmbH. All rights reserved.
License Information: Haaha haha, asdf123, LIC=----
 
Tool Versions:
Toolchain:       MDK-Lite  Version: 5.25.2.0
Toolchain Path:  C:\Keil_v5\ARM\ARMCC\Bin
C Compiler:      Armcc.exe V5.06 update 6 (build 750)
Assembler:       Armasm.exe V5.06 update 6 (build 750)
Linker/Locator:  ArmLink.exe V5.06 update 6 (build 750)
Library Manager: ArmAr.exe V5.06 update 6 (build 750)
Hex Converter:   FromElf.exe V5.06 update 6 (build 750)
CPU DLL:         SARM.DLL V5.25.2.0
Dialog DLL:      DARMP.DLL V1.53.0.0
Target DLL:      UL2ARM.DLL V1.74.10.0
Dialog DLL:      TARMP.DLL V1.53.0.0
 
<h2>Project:</h2>
C:\Users\Suyash\Documents\ExternalInterrupt\ExternalIntr.uvproj
Project File Date:  04/26/2018

<h2>Output:</h2>
*** Using Compiler 'V5.06 update 6 (build 750)', folder: 'C:\Keil_v5\ARM\ARMCC\Bin'
Build target 'Target 1'
compiling main.c...
main.c(11): warning:  #1295-D: Deprecated declaration init - give arg types
  void init();
main.c(14): warning:  #61-D: integer operation result is out of range
  	IO0DIR |= (1<<31); 
main.c(14): warning:  #68-D: integer conversion resulted in a change of sign
  	IO0DIR |= (1<<31); 
main.c(18): warning:  #61-D: integer operation result is out of range
  			 IO0SET |= (1<<31); 
main.c(18): warning:  #68-D: integer conversion resulted in a change of sign
  			 IO0SET |= (1<<31); 
main.c(20): warning:  #61-D: integer operation result is out of range
  			IO0CLR |= (1<<31);
main.c(20): warning:  #68-D: integer conversion resulted in a change of sign
  			IO0CLR |= (1<<31);
main.c(23): warning:  #111-D: statement is unreachable
  	return 0;
main.c: 8 warnings, 0 errors
linking...
Program Size: Code=1024 RO-data=32 RW-data=4 ZI-data=1260  
FromELF: creating hex file...
".\Objects\ExternalIntr.axf" - 0 Error(s), 8 Warning(s).
Build Time Elapsed:  00:00:01
</pre>
</body>
</html>
